<html>
<body>
<pre>
<h1>µVision Build Log</h1>
<h2>Tool Versions:</h2>
IDE-Version: ¦ÌVision V5.17.0.0
Copyright (C) 2015 ARM Ltd and ARM Germany GmbH. All rights reserved.
License Information: lw Microsoft, Microsoft, LIC=ATTEV-P2HRG-7RQX3-A9EL5-U9XMN-0VGAQ
 
Tool Versions:
Toolchain:       MDK-ARM Standard  Version: 5.17
Toolchain Path:  C:\Keil_v5\ARM\ARMCC\Bin
C Compiler:      Armcc.exe V5.06 update 1 (build 61)
Assembler:       Armasm.exe V5.06 update 1 (build 61)
Linker/Locator:  ArmLink.exe V5.06 update 1 (build 61)
Library Manager: ArmAr.exe V5.06 update 1 (build 61)
Hex Converter:   FromElf.exe V5.06 update 1 (build 61)
CPU DLL:         SARMCM3.DLL V5.17
Dialog DLL:      DARMCM1.DLL V1.12.0.0
Target DLL:      STLink\ST-LINKIII-KEIL_SWO.dll V2.0.18.0
Dialog DLL:      TARMCM1.DLL V1.9.0.0
 
<h2>Project:</h2>
E:\my\GasModu_v1.0\gasModu.uvprojx
Project File Date:  01/12/2019

<h2>Output:</h2>
*** Using Compiler 'V5.06 update 1 (build 61)', folder: 'C:\Keil_v5\ARM\ARMCC\Bin'
Build target 'Target 1'
compiling user_init.c...
compiling user.c...
source\user.c(30): warning:  #177-D: variable "tmp1" was declared but never referenced
  	static uint16_t tmp1,tmp2;
source\user.c(30): warning:  #177-D: variable "tmp2" was declared but never referenced
  	static uint16_t tmp1,tmp2;
source\user.c(31): warning:  #177-D: variable "i" was declared but never referenced
  	uint8_t i;
source\user.c(36): warning:  #177-D: variable "f1" was declared but never referenced
  	static float f1,v0;
source\user.c(36): warning:  #550-D: variable "v0" was set but never used
  	static float f1,v0;
source\user.c(90): warning:  #186-D: pointless comparison of unsigned integer with zero
  	if((regAddr >= REG_HOLDING_START) && ((regAddr+regNum) <= (REG_HOLDING_START+REG_HOLDING_NREGS)))
source\user.c: 6 warnings, 0 errors
compiling adc.c...
source\adc.c(53): warning:  #550-D: variable "tDREF" was set but never used
  	uint16_t i,tDREF,vDREF;
source\adc.c(53): warning:  #550-D: variable "vDREF" was set but never used
  	uint16_t i,tDREF,vDREF;
source\adc.c(54): warning:  #550-D: variable "vREF" was set but never used
  	float vREF,rs;
source\adc.c(21): warning:  #550-D: variable "tempValue" was set but never used
  static uint16_t adcValue,tempValue,vrefValue;
source\adc.c(21): warning:  #550-D: variable "vrefValue" was set but never used
  static uint16_t adcValue,tempValue,vrefValue;
source\adc.c(26): warning:  #177-D: variable "vout" was declared but never referenced
  static float vout,vdd=3.3;
source\adc.c(26): warning:  #177-D: variable "vdd" was declared but never referenced
  static float vout,vdd=3.3;
source\adc.c: 7 warnings, 0 errors
compiling metronome.c...
compiling eeprom_emulation.c...
source\eeprom_emulation.c(14): warning:  #550-D: variable "p" was set but never used
  	uint16_t *p;
source\eeprom_emulation.c(44): warning:  #177-D: variable "i" was declared but never referenced
  	uint8_t i;
source\eeprom_emulation.c: 2 warnings, 0 errors
compiling i2c_slave.c...
compiling stm32f0xx_cec.c...
compiling stm32f0xx_adc.c...
compiling stm32f0xx_can.c...
compiling stm32f0xx_comp.c...
compiling stm32f0xx_crc.c...
compiling stm32f0xx_crs.c...
compiling stm32f0xx_dbgmcu.c...
compiling stm32f0xx_dac.c...
compiling stm32f0xx_dma.c...
compiling stm32f0xx_exti.c...
compiling stm32f0xx_gpio.c...
compiling stm32f0xx_flash.c...
compiling stm32f0xx_misc.c...
compiling stm32f0xx_iwdg.c...
compiling stm32f0xx_i2c.c...
compiling stm32f0xx_pwr.c...
compiling stm32f0xx_rcc.c...
compiling stm32f0xx_rtc.c...
compiling stm32f0xx_spi.c...
compiling stm32f0xx_syscfg.c...
compiling stm32f0xx_tim.c...
compiling stm32f0xx_wwdg.c...
compiling stm32f0xx_usart.c...
linking...
Program Size: Code=11592 RO-data=552 RW-data=84 ZI-data=2452  
FromELF: creating hex file...
".\Objects\gas_modu.axf" - 0 Error(s), 15 Warning(s).

<h2>Collection of Component include folders:</h2>
  E:\my\GasModu_v1.0\RTE
  C:\Keil_v5\ARM\PACK\Keil\STM32F0xx_DFP\1.5.0\Device\Include

<h2>Collection of Component Files used:</h2>
Build Time Elapsed:  00:00:07
</pre>
</body>
</html>
